13
26
25
50
108
216
143
286
61
122
213
426
333
666
97
194
288
576
434
868
873
1746
987
1974
1322
2644
557
1114
669
1338
