---- 0 param no tail va ----
729
171
944
671
80
138
780
809
403
522
61
328
398
256
456
655
858
218
457
600
640
462
351
445
543
776
322
695
985
674
---- 1 param no tail va ----
1117
303
1169
606
218
401
952
1515
1440
656
1197
1202
434
460
821
1678
416
653
1033
1516
718
1808
846
851
1165
1036
1517
1016
1139
774
---- 2 param no tail va ----
1811
1761
501
2250
1245
2034
1048
1807
1599
1288
1262
2648
2207
789
2425
2351
846
803
1186
1785
659
2695
1465
1155
1786
1236
2233
1557
1282
1507
---- 5 param no tail va ----
3775
3301
3447
2356
2992
3203
2193
1815
4051
2544
3259
3374
2848
3506
2721
3741
4073
1557
2235
2006
3222
2294
1923
3639
2540
3578
2270
3630
2493
3244
---- 12 param no tail va ----
6800
4569
5748
3949
6688
6856
5668
5408
6005
7402
6028
7819
5266
7389
5543
4650
5598
5483
6663
6435
6110
5674
7130
6902
6234
6864
3910
8928
5551
7383
