---- 0 param tail no va ----
1
1
3
2
1
3
1
2
3
1
1
2
3
2
2
1
3
1
2
3
1
3
2
2
3
2
1
3
1
2
---- 1 param tail no va ----
655
858
218
457
600
640
462
351
445
543
776
322
695
985
674
834
502
74
795
4
206
200
72
220
383
954
724
844
42
141
---- 2 param tail no va ----
1197
1202
434
460
821
1678
416
653
1033
1516
718
1808
846
851
1165
1036
1517
1016
1139
774
1114
1205
623
380
1436
1066
850
1635
654
1452
---- 5 param tail no va ----
2242
2453
2800
3524
2576
2439
2502
2490
2195
3710
2276
2792
3635
2065
2881
3239
2779
3385
1849
1969
2583
2813
2182
2154
2221
2617
2776
2662
2894
2069
---- 12 param tail no va ----
6637
7355
5093
4188
5510
5741
5476
6564
5800
4881
5567
5282
4485
6506
6181
5697
5745
5702
5713
6956
5748
6758
4576
6543
5553
4543
4486
4707
5877
5254
