Primes up to    10000     1229
Primes up to    10000     1229
Primes up to    10000     1229
