meeting 1:	blue	red
meeting 2:	red	blue
meeting 1:	yellow	yellow
meeting 2:	yellow	yellow
meeting 1:	yellow	blue
meeting 2:	blue	yellow
meeting 1:	red	yellow
meeting 2:	yellow	red
meeting 1:	blue	yellow
meeting 2:	yellow	blue
meeting 1:	red	red
meeting 2:	red	red
meeting 1:	red	blue
meeting 2:	blue	red
meeting 1:	yellow	red
meeting 2:	red	yellow
meeting 1:	blue	red
meeting 2:	red	blue
meeting 1:	yellow	yellow
meeting 2:	yellow	yellow
meeting 1:	yellow	blue
meeting 2:	blue	yellow
meeting 1:	red	yellow
meeting 2:	yellow	red
meeting 1:	blue	yellow
meeting 2:	yellow	blue
meeting 1:	red	red
meeting 2:	red	red
meeting 1:	red	blue
meeting 2:	blue	red
meeting 1:	yellow	red
meeting 2:	red	yellow
meeting 1:	blue	red
meeting 2:	red	blue
34
