>ONE Homo sapiens alu
GGCCGGGCGCGGTGGCTCACGCCTGTAATCCCAGCACTTTGGGAGGCCGAGGCGGGCGGA
TCACCTGAGGTCAGGAGTTCGAGACCAGCCTGGCCAACATGGTGAAACCCCGTCTCTACT
AAAAATACAAAAATTAGCCGGGCGTGGTGGCGCGCGCCTGTAATCCCAGCTACTCGGGAG
GCTGAGGCAGGAGAATCGCTTGAACCCGGGAGGCGGAGGTTGCAGTGAGCCGAGATCGCG
CCACTGCACTCCAGCCTGGGCGACAGAGCGAGACTCCGTCTCAAAAAGGCCGGGCGCGGT
GGCTCACGCCTGTAATCCCAGCACTTTGGGAGGCCGAGGCGGGCGGATCACCTGAGGTCA
GGAGTTCGAGACCAGCCTGGCCAACATGGTGAAACCCCGT
>TWO IUB ambiguity codes
cttBtatcatatgctaKggNcataaaSatgtaaaDcDRtBggDtctttataattcBgtcg
tactDtDagcctatttSVHtHttKtgtHMaSattgWaHKHttttagacatWatgtRgaaa
NtactMcSMtYtcMgRtacttctWBacgaaatatagScDtttgaagacacatagtVgYgt
cattHWtMMWcStgttaggKtSgaYaaccWStcgBttgcgaMttBYatcWtgacaYcaga
gtaBDtRacttttcWatMttDBcatWtatcttactaBgaYtcttgttttttttYaaScYa
HgtgttNtSatcMtcVaaaStccRcctDaataataStcYtRDSaMtDttgttSagtRRca
tttHatSttMtWgtcgtatSSagactYaaattcaMtWatttaSgYttaRgKaRtccactt
tattRggaMcDaWaWagttttgacatgttctacaaaRaatataataaMttcgDacgaSSt
acaStYRctVaNMtMgtaggcKatcttttattaaaaagVWaHKYagtttttatttaacct
tacgtVtcVaattVMBcttaMtttaStgacttagattWWacVtgWYagWVRctDattBYt
>THREE Homo sapiens frequency
cttgaacaacaggatgcactagtaacatgtctcgttcatgcttccattaagttcttctta
aacttacacaaactacctaatttagagttgacgagatggttgaacgtgttgtgacaaacg
tttgcaaaatgcacagtatcgttaccaaaaagtacatttaagtgtgtgcgtaggaattct
gctacgtccattgcaggccacattcacatcccacccctgaatatatggactgaatcacac
acaccaaatttcatctaccttatcgtagcataactattaacaaacatatacagacttcgc
ggtaaataaaatatattagtacacaaccgtatactggttgaactattgcccagctttaag
acgcttttaactaggtgcttgatcaagaagtattattatatgacggcagtgtgtaatacc
tgaatagatatagacgttagattgtctgaaaacacgccgtagagacatttttgttagata
tgtatttctttttgacgagccagcatcttagtatctgaagacgagctatatgtttgtaga
aaatcgactgacattgtatacgaggcggcgtaagattaaccaaattccccagaattagta
atggcgccttatcgatttactaacgatatataacttgtgatgttgtctgcaatgtatacc
cgtgtaggctgtgctcttatcgaaggaaacgcattgaagtccaggctggatgaaaccacc
gcgtacttccatgcgtctatacatagcgtcaccgatactacgttttgctatgtaatccat
tctaatgggtaagaggattcctcttatagtaaaatatgcttgactttttaagaaccattg
ggagtggttggcaaaataatagtgggtgtctttctcagtgtatagttttctacaactacc
cctattaggttacaagtaatctggctttcttgccacttggcgatgatagttagattcgta
tttctacaacgcagttactgtatccatggcgcgagataat
