63	49	35	49	93	69	24	87	19	51	61	55	57	56	33	23	96	55	74	97	64	77	30	84	64	38	54	86	53	62	87	74	74	72	72	73	46	92	79	98	68	49	60	93	76	74	66	79	96	69	69	73	81	55	75	78	71	72	88	96	83	98	63	93	66	69	87	73	93	70	99	94	92	83	83	98	100	96	98	91	94	96	99	96	92	90	92	93	89	94	96	93	100	94	100	97	99	98	99	100
