nil
boolean
boolean
number
number
number
number
number
number
number
number
string
string
table
table
table
function
thread
