xxx	123	yyy	124	zzz	125	126
123	xxx	124	yyy	125	zzz	126
xxx	yyy	zzz	123	124	125	126
123	124	125	126	xxx	yyy	zzz
xxx	yyy	zzz	123	124	125	126	xxx	yyy	zzz
123	124	125	126	xxx	yyy	zzz	123	124	125	126
