number
102	nil
number
111	111
97	98	99	100	101
97	98	99	100	101	102	103	104	105	106
101	102	103	104	105	106

97



101	102	103	104	105	106
