body	0
main	true	1
body	1
main	true	2
body	2
main	true	3
body	3
main	true	4
body	4
main	true	5
body	5
main	true	6
body	6
main	true	7
body	7
main	true	8
body	8
main	true	9
body	9
main	true	10
body	10
main	true	11
body	11
main	true	12
body	12
main	true	13
body	13
main	true	14
body	14
main	true	15
body	15
main	true	16
body	16
main	true	17
body	17
main	true	18
body	18
main	true	19
body	19
main	true	20
body	20
main	true	21
body	21
main	true	22
body	22
main	true	23
body	23
main	true	24
body	24
main	true	25
body	25
main	true	26
body	26
main	true	27
body	27
main	true	28
body	28
main	true	29
body	29
main	true	30
body	30
main	true	31
body	31
main	true	32
body	32
main	true	33
body	33
main	true	34
body	34
main	true	35
body	35
main	true	36
body	36
main	true	37
body	37
main	true	38
body	38
main	true	39
body	39
main	true	40
body	40
main	true	41
body	41
main	true	42
body	42
main	true	43
body	43
main	true	44
body	44
main	true	45
body	45
main	true	46
body	46
main	true	47
body	47
main	true	48
body	48
main	true	49
body	49
main	true	50
body	50
main	true	51
body	51
main	true	52
body	52
main	true	53
body	53
main	true	54
body	54
main	true	55
body	55
main	true	56
body	56
main	true	57
body	57
main	true	58
body	58
main	true	59
body	59
main	true	60
body	60
main	true	61
body	61
main	true	62
body	62
main	true	63
body	63
main	true	64
body	64
main	true	65
body	65
main	true	66
body	66
main	true	67
body	67
main	true	68
body	68
main	true	69
body	69
main	true	70
body	70
main	true	71
body	71
main	true	72
body	72
main	true	73
body	73
main	true	74
body	74
main	true	75
body	75
main	true	76
body	76
main	true	77
body	77
main	true	78
body	78
main	true	79
body	79
main	true	80
body	80
main	true	81
body	81
main	true	82
body	82
main	true	83
body	83
main	true	84
body	84
main	true	85
body	85
main	true	86
body	86
main	true	87
body	87
main	true	88
body	88
main	true	89
body	89
main	true	90
body	90
main	true	91
body	91
main	true	92
body	92
main	true	93
body	93
main	true	94
body	94
main	true	95
body	95
main	true	96
body	96
main	true	97
body	97
main	true	98
body	98
main	true	99
body	99
main	true	100
body	100
main	true	101
body	101
main	true	102
body	102
main	true	103
body	103
main	true	104
body	104
main	true	105
body	105
main	true	106
body	106
main	true	107
body	107
main	true	108
body	108
main	true	109
body	109
main	true	110
body	110
main	true	111
body	111
main	true	112
body	112
main	true	113
body	113
main	true	114
body	114
main	true	115
body	115
main	true	116
body	116
main	true	117
body	117
main	true	118
body	118
main	true	119
body	119
main	true	120
body	120
main	true	121
body	121
main	true	122
body	122
main	true	123
body	123
main	true	124
body	124
main	true	125
body	125
main	true	126
body	126
main	true	127
body	127
main	true	128
body	128
main	true	129
body	129
main	true	130
body	130
main	true	131
body	131
main	true	132
body	132
main	true	133
body	133
main	true	134
body	134
main	true	135
body	135
main	true	136
body	136
main	true	137
body	137
main	true	138
body	138
main	true	139
body	139
main	true	140
body	140
main	true	141
body	141
main	true	142
body	142
main	true	143
body	143
main	true	144
body	144
main	true	145
body	145
main	true	146
body	146
main	true	147
body	147
main	true	148
body	148
main	true	149
body	149
main	true	150
body	150
main	true	151
body	151
main	true	152
body	152
main	true	153
body	153
main	true	154
body	154
main	true	155
body	155
main	true	156
body	156
main	true	157
body	157
main	true	158
body	158
main	true	159
body	159
main	true	160
body	160
main	true	161
body	161
main	true	162
body	162
main	true	163
body	163
main	true	164
body	164
main	true	165
body	165
main	true	166
body	166
main	true	167
body	167
main	true	168
body	168
main	true	169
body	169
main	true	170
body	170
main	true	171
body	171
main	true	172
body	172
main	true	173
body	173
main	true	174
body	174
main	true	175
body	175
main	true	176
body	176
main	true	177
body	177
main	true	178
body	178
main	true	179
body	179
main	true	180
body	180
main	true	181
body	181
main	true	182
body	182
main	true	183
body	183
main	true	184
body	184
main	true	185
body	185
main	true	186
body	186
main	true	187
body	187
main	true	188
body	188
main	true	189
body	189
main	true	190
body	190
main	true	191
body	191
main	true	192
body	192
main	true	193
body	193
main	true	194
body	194
main	true	195
body	195
main	true	196
body	196
main	true	197
body	197
main	true	198
body	198
main	true	199
body	199
main	true	200
13
