true
Ñtd
!
"
#
$
%
&
'
(
	)

*
+
,
-
.
/
 0
!1
"2
#3
$4
%5
&6
'7
(8
)9
*:
+;
,<
-=
.>
/?
 0@
!1A
"2B
#3C
$4D
%5E
&6F
'7G
(8H
)9I
*:J
+;K
,<L
-=M
.>N
/?O
0@P
1AQ
2BR
3CS
4DT
5EU
6FV
7GW
8HX
9IY
:JZ
;K[
<L\
=M]
>N^
?O_
@P`
AQa
BRb
CSc
DTd
EUe
FVf
GWg
HXh
IYi
JZj
K[k
L\l
M]m
N^n
O_o
P`p
Qaq
Rbr
Scs
Tdt
Ueu
Vfv
Wgw
Xhx
Yiy
Zjz
[k{
\l|
]m}
^n~
_o
`pÄ
aqÅ
brÇ
csÉ
dtÑ
AQA
AQÅ
DTÑ
aqa
aqÅ
dtÑ
