2
0
nan
nan
inf
nan
-0
1.4142135623731
nan
11.090536506409
11.108555261599
316.22776601684
3
false
false
false
false
