-- test 1 --
1	b
2	c
3	d
-- test 2 --
-- test 3 --
-- test 4 --
-- test 5 --
-- test 6 --
1	233
-- test 7 --
