test 1
enter f_bad	1	2
false	true
test 2
enter f_good	1	2
true	233	2333
