a	2333	nil
12
a	2333	nil
12
321	a	nil
43
cba	a	nil
43
f2	a	b	nil
67
f3	b	a	nil
98
f2	a	b	nil
67
f2	b	a	nil
67
false	a	233	nil
123
false	a	abb	nil
123
false	233	a	nil
124
false	233	a	nil
124
c	a	234	nil
98
c	a	xyz	nil
98
c	432	a	nil
87
c	zwx	a	nil
87
false
false
inf
2.231396109767e+31
1.2786682062094e+148
inf
inf
0
1
enter f	a	1	nil
nil
enter f	1	a	nil
nil
15.407021574586
enter f	1.2	0xG	nil
nil
25.781578913812
enter f	0xG	1.2	nil
nil
3375
enter f	    0xG        	3	nil
nil
4.3789389038086e+17
enter f	0xG	 0xG 	nil
nil
