nil	nil	nil	nil	nil	nil	nil
1	nil	a	nil	1.2	nil	nil
