6
7
7
9
9
9
false
true	nil	nil	nil
123
false	nil	nil	nil
123
false
abc	false	nil	nil
123
false
