-- test 1 --
101	nil
201	nil
201	301
201	401
501	401
501	601
102	nil
202	nil
202	302
202	402
502	402
502	602
103	nil
203	nil
203	303
203	403
503	403
503	603
104	nil
204	nil
204	304
204	404
504	404
504	604
105	nil
205	nil
205	305
205	405
505	405
505	605
106	nil
206	nil
206	306
206	406
506	406
506	606
107	nil
207	nil
207	307
207	407
507	407
507	607
108	nil
208	nil
208	308
208	408
508	408
508	608
109	nil
209	nil
209	309
209	409
509	409
509	609
110	nil
210	nil
210	310
210	410
510	410
510	610
111	nil
211	nil
211	311
211	411
511	411
511	611
112	nil
212	nil
212	312
212	412
512	412
512	612
113	nil
213	nil
213	313
213	413
513	413
513	613
114	nil
214	nil
214	314
214	414
514	414
514	614
115	nil
215	nil
215	315
215	415
515	415
515	615
116	nil
216	nil
216	316
216	416
516	416
516	616
117	nil
217	nil
217	317
217	417
517	417
517	617
118	nil
218	nil
218	318
218	418
518	418
518	618
119	nil
219	nil
219	319
219	419
519	419
519	619
120	nil
220	nil
220	320
220	420
520	420
520	620
121	nil
221	nil
221	321
221	421
521	421
521	621
122	nil
222	nil
222	322
222	422
522	422
522	622
123	nil
223	nil
223	323
223	423
523	423
523	623
124	nil
224	nil
224	324
224	424
524	424
524	624
125	nil
225	nil
225	325
225	425
525	425
525	625
126	nil
226	nil
226	326
226	426
526	426
526	626
127	nil
227	nil
227	327
227	427
527	427
527	627
128	nil
228	nil
228	328
228	428
528	428
528	628
129	nil
229	nil
229	329
229	429
529	429
529	629
130	nil
230	nil
230	330
230	430
530	430
530	630
131	nil
231	nil
231	331
231	431
531	431
531	631
132	nil
232	nil
232	332
232	432
532	432
532	632
133	nil
233	nil
233	333
233	433
533	433
533	633
134	nil
234	nil
234	334
234	434
534	434
534	634
135	nil
235	nil
235	335
235	435
535	435
535	635
136	nil
236	nil
236	336
236	436
536	436
536	636
137	nil
237	nil
237	337
237	437
537	437
537	637
138	nil
238	nil
238	338
238	438
538	438
538	638
139	nil
239	nil
239	339
239	439
539	439
539	639
140	nil
240	nil
240	340
240	440
540	440
540	640
141	nil
241	nil
241	341
241	441
541	441
541	641
142	nil
242	nil
242	342
242	442
542	442
542	642
143	nil
243	nil
243	343
243	443
543	443
543	643
144	nil
244	nil
244	344
244	444
544	444
544	644
145	nil
245	nil
245	345
245	445
545	445
545	645
146	nil
246	nil
246	346
246	446
546	446
546	646
147	nil
247	nil
247	347
247	447
547	447
547	647
148	nil
248	nil
248	348
248	448
548	448
548	648
149	nil
249	nil
249	349
249	449
549	449
549	649
150	nil
250	nil
250	350
250	450
550	450
550	650
101	601
201	601
201	301
201	401
501	401
501	601
102	602
202	602
202	302
202	402
502	402
502	602
103	603
203	603
203	303
203	403
503	403
503	603
104	604
204	604
204	304
204	404
504	404
504	604
105	605
205	605
205	305
205	405
505	405
505	605
106	606
206	606
206	306
206	406
506	406
506	606
107	607
207	607
207	307
207	407
507	407
507	607
108	608
208	608
208	308
208	408
508	408
508	608
109	609
209	609
209	309
209	409
509	409
509	609
110	610
210	610
210	310
210	410
510	410
510	610
111	611
211	611
211	311
211	411
511	411
511	611
112	612
212	612
212	312
212	412
512	412
512	612
113	613
213	613
213	313
213	413
513	413
513	613
114	614
214	614
214	314
214	414
514	414
514	614
115	615
215	615
215	315
215	415
515	415
515	615
116	616
216	616
216	316
216	416
516	416
516	616
117	617
217	617
217	317
217	417
517	417
517	617
118	618
218	618
218	318
218	418
518	418
518	618
119	619
219	619
219	319
219	419
519	419
519	619
120	620
220	620
220	320
220	420
520	420
520	620
121	621
221	621
221	321
221	421
521	421
521	621
122	622
222	622
222	322
222	422
522	422
522	622
123	623
223	623
223	323
223	423
523	423
523	623
124	624
224	624
224	324
224	424
524	424
524	624
125	625
225	625
225	325
225	425
525	425
525	625
126	626
226	626
226	326
226	426
526	426
526	626
127	627
227	627
227	327
227	427
527	427
527	627
128	628
228	628
228	328
228	428
528	428
528	628
129	629
229	629
229	329
229	429
529	429
529	629
130	630
230	630
230	330
230	430
530	430
530	630
131	631
231	631
231	331
231	431
531	431
531	631
132	632
232	632
232	332
232	432
532	432
532	632
133	633
233	633
233	333
233	433
533	433
533	633
134	634
234	634
234	334
234	434
534	434
534	634
135	635
235	635
235	335
235	435
535	435
535	635
136	636
236	636
236	336
236	436
536	436
536	636
137	637
237	637
237	337
237	437
537	437
537	637
138	638
238	638
238	338
238	438
538	438
538	638
139	639
239	639
239	339
239	439
539	439
539	639
140	640
240	640
240	340
240	440
540	440
540	640
141	641
241	641
241	341
241	441
541	441
541	641
142	642
242	642
242	342
242	442
542	442
542	642
143	643
243	643
243	343
243	443
543	443
543	643
144	644
244	644
244	344
244	444
544	444
544	644
145	645
245	645
245	345
245	445
545	445
545	645
146	646
246	646
246	346
246	446
546	446
546	646
147	647
247	647
247	347
247	447
547	447
547	647
148	648
248	648
248	348
248	448
548	448
548	648
149	649
249	649
249	349
249	449
549	449
549	649
150	650
250	650
250	350
250	450
550	450
550	650
-- test 2 --
101	nil
201	nil
201	301
201	401
501	401
501	601
102	nil
202	nil
202	302
202	402
502	402
502	602
103	nil
203	nil
203	303
203	403
503	403
503	603
104	nil
204	nil
204	304
204	404
504	404
504	604
105	nil
205	nil
205	305
205	405
505	405
505	605
106	nil
206	nil
206	306
206	406
506	406
506	606
107	nil
207	nil
207	307
207	407
507	407
507	607
108	nil
208	nil
208	308
208	408
508	408
508	608
109	nil
209	nil
209	309
209	409
509	409
509	609
110	nil
210	nil
210	310
210	410
510	410
510	610
111	nil
211	nil
211	311
211	411
511	411
511	611
112	nil
212	nil
212	312
212	412
512	412
512	612
113	nil
213	nil
213	313
213	413
513	413
513	613
114	nil
214	nil
214	314
214	414
514	414
514	614
115	nil
215	nil
215	315
215	415
515	415
515	615
116	nil
216	nil
216	316
216	416
516	416
516	616
117	nil
217	nil
217	317
217	417
517	417
517	617
118	nil
218	nil
218	318
218	418
518	418
518	618
119	nil
219	nil
219	319
219	419
519	419
519	619
120	nil
220	nil
220	320
220	420
520	420
520	620
121	nil
221	nil
221	321
221	421
521	421
521	621
122	nil
222	nil
222	322
222	422
522	422
522	622
123	nil
223	nil
223	323
223	423
523	423
523	623
124	nil
224	nil
224	324
224	424
524	424
524	624
125	nil
225	nil
225	325
225	425
525	425
525	625
126	nil
226	nil
226	326
226	426
526	426
526	626
127	nil
227	nil
227	327
227	427
527	427
527	627
128	nil
228	nil
228	328
228	428
528	428
528	628
129	nil
229	nil
229	329
229	429
529	429
529	629
130	nil
230	nil
230	330
230	430
530	430
530	630
131	nil
231	nil
231	331
231	431
531	431
531	631
132	nil
232	nil
232	332
232	432
532	432
532	632
133	nil
233	nil
233	333
233	433
533	433
533	633
134	nil
234	nil
234	334
234	434
534	434
534	634
135	nil
235	nil
235	335
235	435
535	435
535	635
136	nil
236	nil
236	336
236	436
536	436
536	636
137	nil
237	nil
237	337
237	437
537	437
537	637
138	nil
238	nil
238	338
238	438
538	438
538	638
139	nil
239	nil
239	339
239	439
539	439
539	639
140	nil
240	nil
240	340
240	440
540	440
540	640
141	nil
241	nil
241	341
241	441
541	441
541	641
142	nil
242	nil
242	342
242	442
542	442
542	642
143	nil
243	nil
243	343
243	443
543	443
543	643
144	nil
244	nil
244	344
244	444
544	444
544	644
145	nil
245	nil
245	345
245	445
545	445
545	645
146	nil
246	nil
246	346
246	446
546	446
546	646
147	nil
247	nil
247	347
247	447
547	447
547	647
148	nil
248	nil
248	348
248	448
548	448
548	648
149	nil
249	nil
249	349
249	449
549	449
549	649
150	nil
250	nil
250	350
250	450
550	450
550	650
101	601
201	601
201	301
201	401
501	401
501	601
102	602
202	602
202	302
202	402
502	402
502	602
103	603
203	603
203	303
203	403
503	403
503	603
104	604
204	604
204	304
204	404
504	404
504	604
105	605
205	605
205	305
205	405
505	405
505	605
106	606
206	606
206	306
206	406
506	406
506	606
107	607
207	607
207	307
207	407
507	407
507	607
108	608
208	608
208	308
208	408
508	408
508	608
109	609
209	609
209	309
209	409
509	409
509	609
110	610
210	610
210	310
210	410
510	410
510	610
111	611
211	611
211	311
211	411
511	411
511	611
112	612
212	612
212	312
212	412
512	412
512	612
113	613
213	613
213	313
213	413
513	413
513	613
114	614
214	614
214	314
214	414
514	414
514	614
115	615
215	615
215	315
215	415
515	415
515	615
116	616
216	616
216	316
216	416
516	416
516	616
117	617
217	617
217	317
217	417
517	417
517	617
118	618
218	618
218	318
218	418
518	418
518	618
119	619
219	619
219	319
219	419
519	419
519	619
120	620
220	620
220	320
220	420
520	420
520	620
121	621
221	621
221	321
221	421
521	421
521	621
122	622
222	622
222	322
222	422
522	422
522	622
123	623
223	623
223	323
223	423
523	423
523	623
124	624
224	624
224	324
224	424
524	424
524	624
125	625
225	625
225	325
225	425
525	425
525	625
126	626
226	626
226	326
226	426
526	426
526	626
127	627
227	627
227	327
227	427
527	427
527	627
128	628
228	628
228	328
228	428
528	428
528	628
129	629
229	629
229	329
229	429
529	429
529	629
130	630
230	630
230	330
230	430
530	430
530	630
131	631
231	631
231	331
231	431
531	431
531	631
132	632
232	632
232	332
232	432
532	432
532	632
133	633
233	633
233	333
233	433
533	433
533	633
134	634
234	634
234	334
234	434
534	434
534	634
135	635
235	635
235	335
235	435
535	435
535	635
136	636
236	636
236	336
236	436
536	436
536	636
137	637
237	637
237	337
237	437
537	437
537	637
138	638
238	638
238	338
238	438
538	438
538	638
139	639
239	639
239	339
239	439
539	439
539	639
140	640
240	640
240	340
240	440
540	440
540	640
141	641
241	641
241	341
241	441
541	441
541	641
142	642
242	642
242	342
242	442
542	442
542	642
143	643
243	643
243	343
243	443
543	443
543	643
144	644
244	644
244	344
244	444
544	444
544	644
145	645
245	645
245	345
245	445
545	445
545	645
146	646
246	646
246	346
246	446
546	446
546	646
147	647
247	647
247	347
247	447
547	447
547	647
148	648
248	648
248	348
248	448
548	448
548	648
149	649
249	649
249	349
249	449
549	449
549	649
150	650
250	650
250	350
250	450
550	450
550	650
-- test 3 --
in metamethod	a1	101
101	nil
201	nil
in metamethod	a1	301
201	301
201	401
501	401
501	601
in metamethod	a2	102
102	nil
202	nil
in metamethod	a2	302
202	302
202	402
502	402
502	602
in metamethod	a3	103
103	nil
203	nil
in metamethod	a3	303
203	303
203	403
503	403
503	603
in metamethod	a4	104
104	nil
204	nil
in metamethod	a4	304
204	304
204	404
504	404
504	604
in metamethod	a5	105
105	nil
205	nil
in metamethod	a5	305
205	305
205	405
505	405
505	605
in metamethod	a6	106
106	nil
206	nil
in metamethod	a6	306
206	306
206	406
506	406
506	606
in metamethod	a7	107
107	nil
207	nil
in metamethod	a7	307
207	307
207	407
507	407
507	607
in metamethod	a8	108
108	nil
208	nil
in metamethod	a8	308
208	308
208	408
508	408
508	608
in metamethod	a9	109
109	nil
209	nil
in metamethod	a9	309
209	309
209	409
509	409
509	609
in metamethod	a10	110
110	nil
210	nil
in metamethod	a10	310
210	310
210	410
510	410
510	610
in metamethod	a11	111
111	nil
211	nil
in metamethod	a11	311
211	311
211	411
511	411
511	611
in metamethod	a12	112
112	nil
212	nil
in metamethod	a12	312
212	312
212	412
512	412
512	612
in metamethod	a13	113
113	nil
213	nil
in metamethod	a13	313
213	313
213	413
513	413
513	613
in metamethod	a14	114
114	nil
214	nil
in metamethod	a14	314
214	314
214	414
514	414
514	614
in metamethod	a15	115
115	nil
215	nil
in metamethod	a15	315
215	315
215	415
515	415
515	615
in metamethod	a16	116
116	nil
216	nil
in metamethod	a16	316
216	316
216	416
516	416
516	616
in metamethod	a17	117
117	nil
217	nil
in metamethod	a17	317
217	317
217	417
517	417
517	617
in metamethod	a18	118
118	nil
218	nil
in metamethod	a18	318
218	318
218	418
518	418
518	618
in metamethod	a19	119
119	nil
219	nil
in metamethod	a19	319
219	319
219	419
519	419
519	619
in metamethod	a20	120
120	nil
220	nil
in metamethod	a20	320
220	320
220	420
520	420
520	620
in metamethod	a21	121
121	nil
221	nil
in metamethod	a21	321
221	321
221	421
521	421
521	621
in metamethod	a22	122
122	nil
222	nil
in metamethod	a22	322
222	322
222	422
522	422
522	622
in metamethod	a23	123
123	nil
223	nil
in metamethod	a23	323
223	323
223	423
523	423
523	623
in metamethod	a24	124
124	nil
224	nil
in metamethod	a24	324
224	324
224	424
524	424
524	624
in metamethod	a25	125
125	nil
225	nil
in metamethod	a25	325
225	325
225	425
525	425
525	625
in metamethod	a26	126
126	nil
226	nil
in metamethod	a26	326
226	326
226	426
526	426
526	626
in metamethod	a27	127
127	nil
227	nil
in metamethod	a27	327
227	327
227	427
527	427
527	627
in metamethod	a28	128
128	nil
228	nil
in metamethod	a28	328
228	328
228	428
528	428
528	628
in metamethod	a29	129
129	nil
229	nil
in metamethod	a29	329
229	329
229	429
529	429
529	629
in metamethod	a30	130
130	nil
230	nil
in metamethod	a30	330
230	330
230	430
530	430
530	630
in metamethod	a31	131
131	nil
231	nil
in metamethod	a31	331
231	331
231	431
531	431
531	631
in metamethod	a32	132
132	nil
232	nil
in metamethod	a32	332
232	332
232	432
532	432
532	632
in metamethod	a33	133
133	nil
233	nil
in metamethod	a33	333
233	333
233	433
533	433
533	633
in metamethod	a34	134
134	nil
234	nil
in metamethod	a34	334
234	334
234	434
534	434
534	634
in metamethod	a35	135
135	nil
235	nil
in metamethod	a35	335
235	335
235	435
535	435
535	635
in metamethod	a36	136
136	nil
236	nil
in metamethod	a36	336
236	336
236	436
536	436
536	636
in metamethod	a37	137
137	nil
237	nil
in metamethod	a37	337
237	337
237	437
537	437
537	637
in metamethod	a38	138
138	nil
238	nil
in metamethod	a38	338
238	338
238	438
538	438
538	638
in metamethod	a39	139
139	nil
239	nil
in metamethod	a39	339
239	339
239	439
539	439
539	639
in metamethod	a40	140
140	nil
240	nil
in metamethod	a40	340
240	340
240	440
540	440
540	640
in metamethod	a41	141
141	nil
241	nil
in metamethod	a41	341
241	341
241	441
541	441
541	641
in metamethod	a42	142
142	nil
242	nil
in metamethod	a42	342
242	342
242	442
542	442
542	642
in metamethod	a43	143
143	nil
243	nil
in metamethod	a43	343
243	343
243	443
543	443
543	643
in metamethod	a44	144
144	nil
244	nil
in metamethod	a44	344
244	344
244	444
544	444
544	644
in metamethod	a45	145
145	nil
245	nil
in metamethod	a45	345
245	345
245	445
545	445
545	645
in metamethod	a46	146
146	nil
246	nil
in metamethod	a46	346
246	346
246	446
546	446
546	646
in metamethod	a47	147
147	nil
247	nil
in metamethod	a47	347
247	347
247	447
547	447
547	647
in metamethod	a48	148
148	nil
248	nil
in metamethod	a48	348
248	348
248	448
548	448
548	648
in metamethod	a49	149
149	nil
249	nil
in metamethod	a49	349
249	349
249	449
549	449
549	649
in metamethod	a50	150
150	nil
250	nil
in metamethod	a50	350
250	350
250	450
550	450
550	650
101	601
201	601
201	301
201	401
501	401
501	601
102	602
202	602
202	302
202	402
502	402
502	602
103	603
203	603
203	303
203	403
503	403
503	603
104	604
204	604
204	304
204	404
504	404
504	604
105	605
205	605
205	305
205	405
505	405
505	605
106	606
206	606
206	306
206	406
506	406
506	606
107	607
207	607
207	307
207	407
507	407
507	607
108	608
208	608
208	308
208	408
508	408
508	608
109	609
209	609
209	309
209	409
509	409
509	609
110	610
210	610
210	310
210	410
510	410
510	610
111	611
211	611
211	311
211	411
511	411
511	611
112	612
212	612
212	312
212	412
512	412
512	612
113	613
213	613
213	313
213	413
513	413
513	613
114	614
214	614
214	314
214	414
514	414
514	614
115	615
215	615
215	315
215	415
515	415
515	615
116	616
216	616
216	316
216	416
516	416
516	616
117	617
217	617
217	317
217	417
517	417
517	617
118	618
218	618
218	318
218	418
518	418
518	618
119	619
219	619
219	319
219	419
519	419
519	619
120	620
220	620
220	320
220	420
520	420
520	620
121	621
221	621
221	321
221	421
521	421
521	621
122	622
222	622
222	322
222	422
522	422
522	622
123	623
223	623
223	323
223	423
523	423
523	623
124	624
224	624
224	324
224	424
524	424
524	624
125	625
225	625
225	325
225	425
525	425
525	625
126	626
226	626
226	326
226	426
526	426
526	626
127	627
227	627
227	327
227	427
527	427
527	627
128	628
228	628
228	328
228	428
528	428
528	628
129	629
229	629
229	329
229	429
529	429
529	629
130	630
230	630
230	330
230	430
530	430
530	630
131	631
231	631
231	331
231	431
531	431
531	631
132	632
232	632
232	332
232	432
532	432
532	632
133	633
233	633
233	333
233	433
533	433
533	633
134	634
234	634
234	334
234	434
534	434
534	634
135	635
235	635
235	335
235	435
535	435
535	635
136	636
236	636
236	336
236	436
536	436
536	636
137	637
237	637
237	337
237	437
537	437
537	637
138	638
238	638
238	338
238	438
538	438
538	638
139	639
239	639
239	339
239	439
539	439
539	639
140	640
240	640
240	340
240	440
540	440
540	640
141	641
241	641
241	341
241	441
541	441
541	641
142	642
242	642
242	342
242	442
542	442
542	642
143	643
243	643
243	343
243	443
543	443
543	643
144	644
244	644
244	344
244	444
544	444
544	644
145	645
245	645
245	345
245	445
545	445
545	645
146	646
246	646
246	346
246	446
546	446
546	646
147	647
247	647
247	347
247	447
547	447
547	647
148	648
248	648
248	348
248	448
548	448
548	648
149	649
249	649
249	349
249	449
549	449
549	649
150	650
250	650
250	350
250	450
550	450
550	650
-- test 4 --
in metamethod	a1	101
101	nil
201	nil
in metamethod	a1	301
201	301
201	401
501	401
501	601
in metamethod	a2	102
102	nil
202	nil
in metamethod	a2	302
202	302
202	402
502	402
502	602
in metamethod	a3	103
103	nil
203	nil
in metamethod	a3	303
203	303
203	403
503	403
503	603
in metamethod	a4	104
104	nil
204	nil
in metamethod	a4	304
204	304
204	404
504	404
504	604
in metamethod	a5	105
105	nil
205	nil
in metamethod	a5	305
205	305
205	405
505	405
505	605
in metamethod	a6	106
106	nil
206	nil
in metamethod	a6	306
206	306
206	406
506	406
506	606
in metamethod	a7	107
107	nil
207	nil
in metamethod	a7	307
207	307
207	407
507	407
507	607
in metamethod	a8	108
108	nil
208	nil
in metamethod	a8	308
208	308
208	408
508	408
508	608
in metamethod	a9	109
109	nil
209	nil
in metamethod	a9	309
209	309
209	409
509	409
509	609
in metamethod	a10	110
110	nil
210	nil
in metamethod	a10	310
210	310
210	410
510	410
510	610
in metamethod	a11	111
111	nil
211	nil
in metamethod	a11	311
211	311
211	411
511	411
511	611
in metamethod	a12	112
112	nil
212	nil
in metamethod	a12	312
212	312
212	412
512	412
512	612
in metamethod	a13	113
113	nil
213	nil
in metamethod	a13	313
213	313
213	413
513	413
513	613
in metamethod	a14	114
114	nil
214	nil
in metamethod	a14	314
214	314
214	414
514	414
514	614
in metamethod	a15	115
115	nil
215	nil
in metamethod	a15	315
215	315
215	415
515	415
515	615
in metamethod	a16	116
116	nil
216	nil
in metamethod	a16	316
216	316
216	416
516	416
516	616
in metamethod	a17	117
117	nil
217	nil
in metamethod	a17	317
217	317
217	417
517	417
517	617
in metamethod	a18	118
118	nil
218	nil
in metamethod	a18	318
218	318
218	418
518	418
518	618
in metamethod	a19	119
119	nil
219	nil
in metamethod	a19	319
219	319
219	419
519	419
519	619
in metamethod	a20	120
120	nil
220	nil
in metamethod	a20	320
220	320
220	420
520	420
520	620
in metamethod	a21	121
121	nil
221	nil
in metamethod	a21	321
221	321
221	421
521	421
521	621
in metamethod	a22	122
122	nil
222	nil
in metamethod	a22	322
222	322
222	422
522	422
522	622
in metamethod	a23	123
123	nil
223	nil
in metamethod	a23	323
223	323
223	423
523	423
523	623
in metamethod	a24	124
124	nil
224	nil
in metamethod	a24	324
224	324
224	424
524	424
524	624
in metamethod	a25	125
125	nil
225	nil
in metamethod	a25	325
225	325
225	425
525	425
525	625
in metamethod	a26	126
126	nil
226	nil
in metamethod	a26	326
226	326
226	426
526	426
526	626
in metamethod	a27	127
127	nil
227	nil
in metamethod	a27	327
227	327
227	427
527	427
527	627
in metamethod	a28	128
128	nil
228	nil
in metamethod	a28	328
228	328
228	428
528	428
528	628
in metamethod	a29	129
129	nil
229	nil
in metamethod	a29	329
229	329
229	429
529	429
529	629
in metamethod	a30	130
130	nil
230	nil
in metamethod	a30	330
230	330
230	430
530	430
530	630
in metamethod	a31	131
131	nil
231	nil
in metamethod	a31	331
231	331
231	431
531	431
531	631
in metamethod	a32	132
132	nil
232	nil
in metamethod	a32	332
232	332
232	432
532	432
532	632
in metamethod	a33	133
133	nil
233	nil
in metamethod	a33	333
233	333
233	433
533	433
533	633
in metamethod	a34	134
134	nil
234	nil
in metamethod	a34	334
234	334
234	434
534	434
534	634
in metamethod	a35	135
135	nil
235	nil
in metamethod	a35	335
235	335
235	435
535	435
535	635
in metamethod	a36	136
136	nil
236	nil
in metamethod	a36	336
236	336
236	436
536	436
536	636
in metamethod	a37	137
137	nil
237	nil
in metamethod	a37	337
237	337
237	437
537	437
537	637
in metamethod	a38	138
138	nil
238	nil
in metamethod	a38	338
238	338
238	438
538	438
538	638
in metamethod	a39	139
139	nil
239	nil
in metamethod	a39	339
239	339
239	439
539	439
539	639
in metamethod	a40	140
140	nil
240	nil
in metamethod	a40	340
240	340
240	440
540	440
540	640
in metamethod	a41	141
141	nil
241	nil
in metamethod	a41	341
241	341
241	441
541	441
541	641
in metamethod	a42	142
142	nil
242	nil
in metamethod	a42	342
242	342
242	442
542	442
542	642
in metamethod	a43	143
143	nil
243	nil
in metamethod	a43	343
243	343
243	443
543	443
543	643
in metamethod	a44	144
144	nil
244	nil
in metamethod	a44	344
244	344
244	444
544	444
544	644
in metamethod	a45	145
145	nil
245	nil
in metamethod	a45	345
245	345
245	445
545	445
545	645
in metamethod	a46	146
146	nil
246	nil
in metamethod	a46	346
246	346
246	446
546	446
546	646
in metamethod	a47	147
147	nil
247	nil
in metamethod	a47	347
247	347
247	447
547	447
547	647
in metamethod	a48	148
148	nil
248	nil
in metamethod	a48	348
248	348
248	448
548	448
548	648
in metamethod	a49	149
149	nil
249	nil
in metamethod	a49	349
249	349
249	449
549	449
549	649
in metamethod	a50	150
150	nil
250	nil
in metamethod	a50	350
250	350
250	450
550	450
550	650
101	601
201	601
201	301
201	401
501	401
501	601
102	602
202	602
202	302
202	402
502	402
502	602
103	603
203	603
203	303
203	403
503	403
503	603
104	604
204	604
204	304
204	404
504	404
504	604
105	605
205	605
205	305
205	405
505	405
505	605
106	606
206	606
206	306
206	406
506	406
506	606
107	607
207	607
207	307
207	407
507	407
507	607
108	608
208	608
208	308
208	408
508	408
508	608
109	609
209	609
209	309
209	409
509	409
509	609
110	610
210	610
210	310
210	410
510	410
510	610
111	611
211	611
211	311
211	411
511	411
511	611
112	612
212	612
212	312
212	412
512	412
512	612
113	613
213	613
213	313
213	413
513	413
513	613
114	614
214	614
214	314
214	414
514	414
514	614
115	615
215	615
215	315
215	415
515	415
515	615
116	616
216	616
216	316
216	416
516	416
516	616
117	617
217	617
217	317
217	417
517	417
517	617
118	618
218	618
218	318
218	418
518	418
518	618
119	619
219	619
219	319
219	419
519	419
519	619
120	620
220	620
220	320
220	420
520	420
520	620
121	621
221	621
221	321
221	421
521	421
521	621
122	622
222	622
222	322
222	422
522	422
522	622
123	623
223	623
223	323
223	423
523	423
523	623
124	624
224	624
224	324
224	424
524	424
524	624
125	625
225	625
225	325
225	425
525	425
525	625
126	626
226	626
226	326
226	426
526	426
526	626
127	627
227	627
227	327
227	427
527	427
527	627
128	628
228	628
228	328
228	428
528	428
528	628
129	629
229	629
229	329
229	429
529	429
529	629
130	630
230	630
230	330
230	430
530	430
530	630
131	631
231	631
231	331
231	431
531	431
531	631
132	632
232	632
232	332
232	432
532	432
532	632
133	633
233	633
233	333
233	433
533	433
533	633
134	634
234	634
234	334
234	434
534	434
534	634
135	635
235	635
235	335
235	435
535	435
535	635
136	636
236	636
236	336
236	436
536	436
536	636
137	637
237	637
237	337
237	437
537	437
537	637
138	638
238	638
238	338
238	438
538	438
538	638
139	639
239	639
239	339
239	439
539	439
539	639
140	640
240	640
240	340
240	440
540	440
540	640
141	641
241	641
241	341
241	441
541	441
541	641
142	642
242	642
242	342
242	442
542	442
542	642
143	643
243	643
243	343
243	443
543	443
543	643
144	644
244	644
244	344
244	444
544	444
544	644
145	645
245	645
245	345
245	445
545	445
545	645
146	646
246	646
246	346
246	446
546	446
546	646
147	647
247	647
247	347
247	447
547	447
547	647
148	648
248	648
248	348
248	448
548	448
548	648
149	649
249	649
249	349
249	449
549	449
549	649
150	650
250	650
250	350
250	450
550	450
550	650
-- test 5 --
101	nil
201	nil
201	301
201	401
501	401
501	601
102	nil
202	nil
202	302
202	402
502	402
502	602
103	nil
203	nil
203	303
203	403
503	403
503	603
104	nil
204	nil
204	304
204	404
504	404
504	604
105	nil
205	nil
205	305
205	405
505	405
505	605
106	nil
206	nil
206	306
206	406
506	406
506	606
107	nil
207	nil
207	307
207	407
507	407
507	607
108	nil
208	nil
208	308
208	408
508	408
508	608
109	nil
209	nil
209	309
209	409
509	409
509	609
110	nil
210	nil
210	310
210	410
510	410
510	610
111	nil
211	nil
211	311
211	411
511	411
511	611
112	nil
212	nil
212	312
212	412
512	412
512	612
113	nil
213	nil
213	313
213	413
513	413
513	613
114	nil
214	nil
214	314
214	414
514	414
514	614
115	nil
215	nil
215	315
215	415
515	415
515	615
116	nil
216	nil
216	316
216	416
516	416
516	616
117	nil
217	nil
217	317
217	417
517	417
517	617
118	nil
218	nil
218	318
218	418
518	418
518	618
119	nil
219	nil
219	319
219	419
519	419
519	619
120	nil
220	nil
220	320
220	420
520	420
520	620
121	nil
221	nil
221	321
221	421
521	421
521	621
122	nil
222	nil
222	322
222	422
522	422
522	622
123	nil
223	nil
223	323
223	423
523	423
523	623
124	nil
224	nil
224	324
224	424
524	424
524	624
125	nil
225	nil
225	325
225	425
525	425
525	625
126	nil
226	nil
226	326
226	426
526	426
526	626
127	nil
227	nil
227	327
227	427
527	427
527	627
128	nil
228	nil
228	328
228	428
528	428
528	628
129	nil
229	nil
229	329
229	429
529	429
529	629
130	nil
230	nil
230	330
230	430
530	430
530	630
131	nil
231	nil
231	331
231	431
531	431
531	631
132	nil
232	nil
232	332
232	432
532	432
532	632
133	nil
233	nil
233	333
233	433
533	433
533	633
134	nil
234	nil
234	334
234	434
534	434
534	634
135	nil
235	nil
235	335
235	435
535	435
535	635
136	nil
236	nil
236	336
236	436
536	436
536	636
137	nil
237	nil
237	337
237	437
537	437
537	637
138	nil
238	nil
238	338
238	438
538	438
538	638
139	nil
239	nil
239	339
239	439
539	439
539	639
140	nil
240	nil
240	340
240	440
540	440
540	640
141	nil
241	nil
241	341
241	441
541	441
541	641
142	nil
242	nil
242	342
242	442
542	442
542	642
143	nil
243	nil
243	343
243	443
543	443
543	643
144	nil
244	nil
244	344
244	444
544	444
544	644
145	nil
245	nil
245	345
245	445
545	445
545	645
146	nil
246	nil
246	346
246	446
546	446
546	646
147	nil
247	nil
247	347
247	447
547	447
547	647
148	nil
248	nil
248	348
248	448
548	448
548	648
149	nil
249	nil
249	349
249	449
549	449
549	649
150	nil
250	nil
250	350
250	450
550	450
550	650
101	601
201	601
201	301
201	401
501	401
501	601
102	602
202	602
202	302
202	402
502	402
502	602
103	603
203	603
203	303
203	403
503	403
503	603
104	604
204	604
204	304
204	404
504	404
504	604
105	605
205	605
205	305
205	405
505	405
505	605
106	606
206	606
206	306
206	406
506	406
506	606
107	607
207	607
207	307
207	407
507	407
507	607
108	608
208	608
208	308
208	408
508	408
508	608
109	609
209	609
209	309
209	409
509	409
509	609
110	610
210	610
210	310
210	410
510	410
510	610
111	611
211	611
211	311
211	411
511	411
511	611
112	612
212	612
212	312
212	412
512	412
512	612
113	613
213	613
213	313
213	413
513	413
513	613
114	614
214	614
214	314
214	414
514	414
514	614
115	615
215	615
215	315
215	415
515	415
515	615
116	616
216	616
216	316
216	416
516	416
516	616
117	617
217	617
217	317
217	417
517	417
517	617
118	618
218	618
218	318
218	418
518	418
518	618
119	619
219	619
219	319
219	419
519	419
519	619
120	620
220	620
220	320
220	420
520	420
520	620
121	621
221	621
221	321
221	421
521	421
521	621
122	622
222	622
222	322
222	422
522	422
522	622
123	623
223	623
223	323
223	423
523	423
523	623
124	624
224	624
224	324
224	424
524	424
524	624
125	625
225	625
225	325
225	425
525	425
525	625
126	626
226	626
226	326
226	426
526	426
526	626
127	627
227	627
227	327
227	427
527	427
527	627
128	628
228	628
228	328
228	428
528	428
528	628
129	629
229	629
229	329
229	429
529	429
529	629
130	630
230	630
230	330
230	430
530	430
530	630
131	631
231	631
231	331
231	431
531	431
531	631
132	632
232	632
232	332
232	432
532	432
532	632
133	633
233	633
233	333
233	433
533	433
533	633
134	634
234	634
234	334
234	434
534	434
534	634
135	635
235	635
235	335
235	435
535	435
535	635
136	636
236	636
236	336
236	436
536	436
536	636
137	637
237	637
237	337
237	437
537	437
537	637
138	638
238	638
238	338
238	438
538	438
538	638
139	639
239	639
239	339
239	439
539	439
539	639
140	640
240	640
240	340
240	440
540	440
540	640
141	641
241	641
241	341
241	441
541	441
541	641
142	642
242	642
242	342
242	442
542	442
542	642
143	643
243	643
243	343
243	443
543	443
543	643
144	644
244	644
244	344
244	444
544	444
544	644
145	645
245	645
245	345
245	445
545	445
545	645
146	646
246	646
246	346
246	446
546	446
546	646
147	647
247	647
247	347
247	447
547	447
547	647
148	648
248	648
248	348
248	448
548	448
548	648
149	649
249	649
249	349
249	449
549	449
549	649
150	650
250	650
250	350
250	450
550	450
550	650
-- test 6 --
101	nil
201	nil
201	301
201	401
501	401
501	601
102	nil
202	nil
202	302
202	402
502	402
502	602
103	nil
203	nil
203	303
203	403
503	403
503	603
104	nil
204	nil
204	304
204	404
504	404
504	604
105	nil
205	nil
205	305
205	405
505	405
505	605
106	nil
206	nil
206	306
206	406
506	406
506	606
107	nil
207	nil
207	307
207	407
507	407
507	607
108	nil
208	nil
208	308
208	408
508	408
508	608
109	nil
209	nil
209	309
209	409
509	409
509	609
110	nil
210	nil
210	310
210	410
510	410
510	610
111	nil
211	nil
211	311
211	411
511	411
511	611
112	nil
212	nil
212	312
212	412
512	412
512	612
113	nil
213	nil
213	313
213	413
513	413
513	613
114	nil
214	nil
214	314
214	414
514	414
514	614
115	nil
215	nil
215	315
215	415
515	415
515	615
116	nil
216	nil
216	316
216	416
516	416
516	616
117	nil
217	nil
217	317
217	417
517	417
517	617
118	nil
218	nil
218	318
218	418
518	418
518	618
119	nil
219	nil
219	319
219	419
519	419
519	619
120	nil
220	nil
220	320
220	420
520	420
520	620
121	nil
221	nil
221	321
221	421
521	421
521	621
122	nil
222	nil
222	322
222	422
522	422
522	622
123	nil
223	nil
223	323
223	423
523	423
523	623
124	nil
224	nil
224	324
224	424
524	424
524	624
125	nil
225	nil
225	325
225	425
525	425
525	625
126	nil
226	nil
226	326
226	426
526	426
526	626
127	nil
227	nil
227	327
227	427
527	427
527	627
128	nil
228	nil
228	328
228	428
528	428
528	628
129	nil
229	nil
229	329
229	429
529	429
529	629
130	nil
230	nil
230	330
230	430
530	430
530	630
131	nil
231	nil
231	331
231	431
531	431
531	631
132	nil
232	nil
232	332
232	432
532	432
532	632
133	nil
233	nil
233	333
233	433
533	433
533	633
134	nil
234	nil
234	334
234	434
534	434
534	634
135	nil
235	nil
235	335
235	435
535	435
535	635
136	nil
236	nil
236	336
236	436
536	436
536	636
137	nil
237	nil
237	337
237	437
537	437
537	637
138	nil
238	nil
238	338
238	438
538	438
538	638
139	nil
239	nil
239	339
239	439
539	439
539	639
140	nil
240	nil
240	340
240	440
540	440
540	640
141	nil
241	nil
241	341
241	441
541	441
541	641
142	nil
242	nil
242	342
242	442
542	442
542	642
143	nil
243	nil
243	343
243	443
543	443
543	643
144	nil
244	nil
244	344
244	444
544	444
544	644
145	nil
245	nil
245	345
245	445
545	445
545	645
146	nil
246	nil
246	346
246	446
546	446
546	646
147	nil
247	nil
247	347
247	447
547	447
547	647
148	nil
248	nil
248	348
248	448
548	448
548	648
149	nil
249	nil
249	349
249	449
549	449
549	649
150	nil
250	nil
250	350
250	450
550	450
550	650
101	601
201	601
201	301
201	401
501	401
501	601
102	602
202	602
202	302
202	402
502	402
502	602
103	603
203	603
203	303
203	403
503	403
503	603
104	604
204	604
204	304
204	404
504	404
504	604
105	605
205	605
205	305
205	405
505	405
505	605
106	606
206	606
206	306
206	406
506	406
506	606
107	607
207	607
207	307
207	407
507	407
507	607
108	608
208	608
208	308
208	408
508	408
508	608
109	609
209	609
209	309
209	409
509	409
509	609
110	610
210	610
210	310
210	410
510	410
510	610
111	611
211	611
211	311
211	411
511	411
511	611
112	612
212	612
212	312
212	412
512	412
512	612
113	613
213	613
213	313
213	413
513	413
513	613
114	614
214	614
214	314
214	414
514	414
514	614
115	615
215	615
215	315
215	415
515	415
515	615
116	616
216	616
216	316
216	416
516	416
516	616
117	617
217	617
217	317
217	417
517	417
517	617
118	618
218	618
218	318
218	418
518	418
518	618
119	619
219	619
219	319
219	419
519	419
519	619
120	620
220	620
220	320
220	420
520	420
520	620
121	621
221	621
221	321
221	421
521	421
521	621
122	622
222	622
222	322
222	422
522	422
522	622
123	623
223	623
223	323
223	423
523	423
523	623
124	624
224	624
224	324
224	424
524	424
524	624
125	625
225	625
225	325
225	425
525	425
525	625
126	626
226	626
226	326
226	426
526	426
526	626
127	627
227	627
227	327
227	427
527	427
527	627
128	628
228	628
228	328
228	428
528	428
528	628
129	629
229	629
229	329
229	429
529	429
529	629
130	630
230	630
230	330
230	430
530	430
530	630
131	631
231	631
231	331
231	431
531	431
531	631
132	632
232	632
232	332
232	432
532	432
532	632
133	633
233	633
233	333
233	433
533	433
533	633
134	634
234	634
234	334
234	434
534	434
534	634
135	635
235	635
235	335
235	435
535	435
535	635
136	636
236	636
236	336
236	436
536	436
536	636
137	637
237	637
237	337
237	437
537	437
537	637
138	638
238	638
238	338
238	438
538	438
538	638
139	639
239	639
239	339
239	439
539	439
539	639
140	640
240	640
240	340
240	440
540	440
540	640
141	641
241	641
241	341
241	441
541	441
541	641
142	642
242	642
242	342
242	442
542	442
542	642
143	643
243	643
243	343
243	443
543	443
543	643
144	644
244	644
244	344
244	444
544	444
544	644
145	645
245	645
245	345
245	445
545	445
545	645
146	646
246	646
246	346
246	446
546	446
546	646
147	647
247	647
247	347
247	447
547	447
547	647
148	648
248	648
248	348
248	448
548	448
548	648
149	649
249	649
249	349
249	449
549	449
549	649
150	650
250	650
250	350
250	450
550	450
550	650
