true
false
false
true
true
false
true
false
false
true
true
false
true
false
false
true
true
false
false
false
true
true
false
true
false
f	t1	t2
true
f	t1	t2
false
true
false
true
false
false
true
true
false
true
false
f2	t1	t2
false
f2	t1	t2
true
true
false
true
false
false
true
true
false
true
false
f	t1	t2
true
f	t1	t2
false
true
false
