0	25	50	100	150	200	250	275	299	nil	300	304	301	302	303
1	26	51	100	150	200	251	275	300	nil	301	305	302	302	303
0	25	50	100	150	200	250	275	299	nil	300	304	301	302	303
1	26	51	100	150	200	251	275	300	nil	301	305	302	302	303
