for init
1	1	nil	nil
2	1	nil	nil
3	1	nil	nil
4	1	nil	nil
