nil
1
101
nil
2
102
nil
3
103
nil
4
104
nil
5
105
nil
6
106
nil
7
107
nil
8
108
nil
9
109
nil
10
110
nil
11
111
nil
12
112
nil
13
113
nil
14
114
nil
15
115
nil
16
116
nil
17
117
nil
18
118
nil
19
119
nil
20
120
nil
21
121
nil
22
122
nil
23
123
nil
24
124
nil
25
125
nil
26
126
nil
27
127
nil
28
128
nil
29
129
nil
30
130
nil
31
131
nil
32
132
nil
33
133
nil
34
134
nil
35
135
nil
36
136
nil
37
137
nil
38
138
nil
39
139
nil
40
140
nil
41
141
nil
42
142
nil
43
143
nil
44
144
nil
45
145
nil
46
146
nil
47
147
nil
48
148
nil
49
149
nil
50
150
