10123	456	1001	2	178	90	13	54321
10765	43	1001	2	112	963	13	4356
20123	456	2001	2	278	90	23	65432
20765	43	2001	2	333	852	13	7531
30123	456	3001	2	112	34	13	987
30765	43	3001	2	433	852	23	9999
40123	456	4001	2	212	34	23	654
40765	43	4001	2	533	852	33	987
50123	456	5001	2	378	90	33	432
50765	43	5001	2	212	963	23	3232
60123	456	6001	2	478	90	43	321
70123	456	7001	2	312	34	33	16
80123	456	8001	2	9112	234	13	88
