0	1	2	3	4	nil	nil	nil	301	302	303	nil
1	1	2	3	4	nil	nil	nil	302	302	303	nil
0	1	2	3	4	nil	nil	nil	301	302	303	nil
1	1	2	3	4	nil	nil	nil	302	302	303	nil
