enter g	gg	nil
enter h
true
false	123
enter g2	gg	nil
true	789	10
