0
1
0
0
0
0
0
0
1
0
0
0
0
0
0
1
0
0
1
0
1
1
1
1
1
1
0
1
1
1
1
1
1
0
1
1
0
false
true
nil
0
true
0
true
