f1
2
4
5
7
9
11
13
15
f2
17
19
22
24
26
28
30
32
f3
nil
false
35
36
37
38
39
40
