Loop body executed once
Loop body executed once
OK
