h x 
h h x 
h h h x 
h h h h x 
h h h h h x 
h h h h h h x 
h h h h h h h x 
h h h h h h h h x 
h h h h h h h h h x 
2	3	4	5	6	7	8	9	123	456
